// Jest Snapshot v1, https://goo.gl/fbAQLP

exports[`MlbSideTable component renders correctly 1`] = `
<div
  className="MuiGrid-item-3 MuiGrid-grid-xs-3-33"
>
  <table
    className="MuiTable-root-99"
  >
    <thead
      className="MuiTableHead-root-100"
    >
      <tr
        className="MuiTableRow-root-101 MuiTableRow-head-104"
      >
        <th
          aria-sort={null}
          className="MuiTableCell-root-106 MuiTableCell-head-107 MlbSideTable-tableCell-1"
          scope="col"
        >
          R
        </th>
        <th
          aria-sort={null}
          className="MuiTableCell-root-106 MuiTableCell-head-107 MlbSideTable-tableCell-1"
          scope="col"
        >
          H
        </th>
        <th
          aria-sort={null}
          className="MuiTableCell-root-106 MuiTableCell-head-107 MlbSideTable-tableCell-1"
          scope="col"
        >
          E
        </th>
      </tr>
    </thead>
    <tbody
      className="MuiTableBody-root-118"
    >
      <tr
        className="MuiTableRow-root-101"
      >
        <td
          aria-sort={null}
          className="MuiTableCell-root-106 MuiTableCell-body-108 MlbSideTable-tableCell-1"
        >
          4
        </td>
        <td
          aria-sort={null}
          className="MuiTableCell-root-106 MuiTableCell-body-108 MlbSideTable-tableCell-1"
        >
          10
        </td>
        <td
          aria-sort={null}
          className="MuiTableCell-root-106 MuiTableCell-body-108 MlbSideTable-tableCell-1"
        >
          3
        </td>
      </tr>
      <tr
        className="MuiTableRow-root-101"
      >
        <td
          aria-sort={null}
          className="MuiTableCell-root-106 MuiTableCell-body-108 MlbSideTable-tableCell-1"
        >
          5
        </td>
        <td
          aria-sort={null}
          className="MuiTableCell-root-106 MuiTableCell-body-108 MlbSideTable-tableCell-1"
        >
          12
        </td>
        <td
          aria-sort={null}
          className="MuiTableCell-root-106 MuiTableCell-body-108 MlbSideTable-tableCell-1"
        >
          2
        </td>
      </tr>
    </tbody>
  </table>
</div>
`;
