// Jest Snapshot v1, https://goo.gl/fbAQLP

exports[`NbaSideTable component renders correctly 1`] = `
<div
  className="MuiGrid-item-3 MuiGrid-grid-xs-1-31"
>
  <table
    className="MuiTable-root-99"
  >
    <thead
      className="MuiTableHead-root-100"
    >
      <tr
        className="MuiTableRow-root-101 MuiTableRow-head-104"
      >
        <th
          aria-sort={null}
          className="MuiTableCell-root-106 MuiTableCell-head-107 NbaSideTable-tableCell-1"
          scope="col"
        >
          P
        </th>
      </tr>
    </thead>
    <tbody
      className="MuiTableBody-root-118"
    >
      <tr
        className="MuiTableRow-root-101"
      >
        <td
          aria-sort={null}
          className="MuiTableCell-root-106 MuiTableCell-body-108 NbaSideTable-tableCell-1"
        >
          90
        </td>
      </tr>
      <tr
        className="MuiTableRow-root-101"
      >
        <td
          aria-sort={null}
          className="MuiTableCell-root-106 MuiTableCell-body-108 NbaSideTable-tableCell-1"
        >
          109
        </td>
      </tr>
    </tbody>
  </table>
</div>
`;
